5ccf2a06337e0a8ef023e30c0151d7cffb9c9a75dc10e0bd02765726f919cfea0bd019721712444c2a29cec21b6b764ff0b35b88100d5e84acf7813256d7e575  firefox/releases/74.0.1/snap/firefox-74.0.1.snap
